// Jest Snapshot v1, https://goo.gl/fbAQLP

exports[`SwitchContainer component should render correctly 1`] = `
<div
  className="switch-container d-flex align-items-center"
>
  <label
    className="switch-container-label my-0"
  >
    children
  </label>
  <div
    className="switch d-flex"
  >
    <button
      className="switch-item switch-item-left active"
      onClick={[Function]}
      type="button"
    >
      left label
    </button>
    <button
      className="switch-item switch-item-right"
      onClick={[Function]}
      type="button"
    >
      right label
    </button>
  </div>
</div>
`;
