// Jest Snapshot v1, https://goo.gl/fbAQLP

exports[`MovieDetails component should render correctly 1`] = `
<div
  className="movie-details d-flex"
>
  <img
    className="movie-details-poster"
  />
  <div
    className="movie-details-info"
  >
    <div
      className="movie-details-title d-flex align-items-center"
    >
      <h2
        className="header-title"
      >
        Kill Bill: Vol 2
      </h2>
      <div
        className="movie-details-rating"
      >
        4.3
      </div>
    </div>
    <div
      className="movie-details-subtitle"
    >
      Oscar winning Movie
    </div>
    <div
      className="movie-details-additional"
    >
      <div
        className="movie-additional-info"
      >
        <span
          className="movie-additional-info-value"
        >
          1994
        </span>
        <span
          className="movie-additional-info-unit"
        >
          year
        </span>
      </div>
      <div
        className="movie-additional-info"
      >
        <span
          className="movie-additional-info-value"
        >
          154
        </span>
        <span
          className="movie-additional-info-unit"
        >
          min
        </span>
      </div>
    </div>
    <div
      className="movie-details-description"
    >
      Pulp Fiction is a 1994 American crime film written and directed by Quentin Tarantino; it is based on a story by Tarantino and Roger Avary.[4] Starring John Travolta, Samuel L. Jackson, Bruce Willis, Tim Roth, Ving Rhames, and Uma Thurman, it tells several stories of criminal Los Angeles. The film's title refers to the pulp magazines and hardboiled crime novels popular during the mid-20th century, known for their graphic violence and punchy dialogue.
    </div>
  </div>
</div>
`;
