// Jest Snapshot v1, https://goo.gl/fbAQLP

exports[`MovieDetails component should render correctly 1`] = `
<div
  className="movie-details d-flex"
>
  <img
    className="movie-details-poster"
    onError={[Function]}
    src="poster path"
  />
  <div
    className="movie-details-info"
  >
    <div
      className="movie-details-title d-flex align-items-center"
    >
      <h2
        className="header-title"
      >
        title
      </h2>
      <div
        className="movie-details-rating"
      >
        10
      </div>
    </div>
    <div
      className="movie-details-subtitle"
    >
      tagline
    </div>
    <div
      className="movie-details-additional"
    >
      <div
        className="movie-additional-info"
      >
        <span
          className="movie-additional-info-value"
        >
          1993
        </span>
        <span
          className="movie-additional-info-unit"
        >
          year
        </span>
      </div>
      <div
        className="movie-additional-info"
      >
        <span
          className="movie-additional-info-value"
        >
          150
        </span>
        <span
          className="movie-additional-info-unit"
        >
          min
        </span>
      </div>
    </div>
    <div
      className="movie-details-description"
    >
      overview
    </div>
  </div>
</div>
`;
