// Jest Snapshot v1, https://goo.gl/fbAQLP

exports[`MovieDetails component should render correctly 1`] = `
<div
  className="search-movie-page"
>
  <div
    className="header"
  >
    <div
      className="header-logo"
    >
      <p
        className="title-main m-0"
      >
        <span
          className="title-main-prefix"
        >
          netflix
        </span>
        <span>
          roulette
        </span>
      </p>
    </div>
    
    <div
      className="header-content"
    />
  </div>
  <div
    className="info-container d-flex align-items-center justify-content-between"
  />
  <div
    className="movies-list"
  >
    <h3
      className="movies-list-empty"
    >
      No movies found
    </h3>
  </div>
</div>
`;
